// Vitest Snapshot v1, https://vitest.dev/guide/snapshot.html

exports[`GeometryBuilder > builds the geometry as expected 1`] = `
"{
  "segments": [
    {
      "startNodeId": 1,
      "endNodeId": 2,
      "color": "cyan",
      "points": "0.00 0.00 0.00 0.00,45.00 0.00 90.00 0.00",
      "distances": "0.00 0.00,45.00 90.00"
    },
    {
      "startNodeId": 2,
      "endNodeId": 3,
      "color": "cyan",
      "points": "45.00 0.00 90.00 0.00,50.00 0.00 95.00 0.00,52.35 0.18 97.35 0.18,54.64 0.73 99.64 0.73,56.81 1.63 101.81 1.63,58.82 2.86 103.82 2.86,60.61 4.39 105.61 4.39,78.28 22.07 140.96 39.75",
      "distances": "0.00 0.00,5.00 5.00,7.35 7.35,9.71 9.71,12.06 12.06,14.42 14.42,16.77 16.77,41.77 66.77"
    },
    {
      "startNodeId": 2,
      "endNodeId": 4,
      "color": "cyan",
      "points": "45.00 0.00 90.00 0.00,50.00 0.00 95.00 0.00,51.56 -0.12 96.56 -0.12,53.09 -0.49 98.09 -0.49,54.54 -1.09 99.54 -1.09,55.88 -1.91 100.88 -1.91,57.07 -2.93 102.07 -2.93,88.89 -34.75 165.71 -66.57",
      "distances": "0.00 0.00,5.00 5.00,6.57 6.57,8.14 8.14,9.71 9.71,11.28 11.28,12.85 12.85,57.85 102.85"
    },
    {
      "startNodeId": 5,
      "endNodeId": 6,
      "color": "purple",
      "points": "0.00 5.00 0.00 5.00,45.00 5.00 90.00 5.00",
      "distances": "0.00 0.00,45.00 90.00"
    },
    {
      "startNodeId": 6,
      "endNodeId": 7,
      "color": "purple",
      "points": "45.00 5.00 90.00 5.00,50.00 5.00 95.00 5.00,51.56 5.12 96.56 5.12,53.09 5.49 98.09 5.49,54.54 6.09 99.54 6.09,55.88 6.91 100.88 6.91,57.07 7.93 102.07 7.93,88.89 39.75 165.71 71.57",
      "distances": "0.00 0.00,5.00 5.00,6.57 6.57,8.14 8.14,9.71 9.71,11.28 11.28,12.85 12.85,57.85 102.85"
    }
  ],
  "interchanges": [
    {
      "thick": [
        "45.00 -2.00 90.00 -2.00,45.00 7.00 90.00 7.00"
      ]
    }
  ],
  "termini": [
    {
      "color": "cyan",
      "points": "0.00 -5.00 0.00 -5.00,0.00 5.00 0.00 5.00"
    },
    {
      "color": "cyan",
      "points": "81.82 18.54 144.50 36.21,74.75 25.61 137.43 43.28"
    },
    {
      "color": "cyan",
      "points": "85.36 -38.28 162.18 -70.10,92.43 -31.21 169.25 -63.03"
    },
    {
      "color": "purple",
      "points": "0.00 0.00 0.00 0.00,0.00 10.00 0.00 10.00"
    },
    {
      "color": "purple",
      "points": "92.43 36.21 169.25 68.03,85.36 43.28 162.18 75.10"
    }
  ],
  "viewport": {
    "min": {
      "x": 44.44543648263006,
      "y": 2.4999999999999964,
      "w": 88.89087296526012,
      "h": 74.49747468305833
    },
    "max": {
      "x": 82.85533905932738,
      "y": 2.499999999999993,
      "w": 165.71067811865476,
      "h": 138.1370849898476
    }
  }
}"
`;
